Lenovo@AKSHETISHEREDESKTOP MINGW64 /e/2023_project/Search
$ git init
Initialized empty Git repository in E:/2023_project/Search/.git/

Lenovo@AKSHETISHEREDESKTOP MINGW64 /e/2023_project/Search (master)
$ git status
On branch master

No commits yet

Untracked files:
  (use "git add <file>..." to include in what will be committed)
        .idea/
        Linearsearch.pdf
        Search.iml
        out/
        src/

nothing added to commit but untracked files present (use "git add" to track)

Lenovo@AKSHETISHEREDESKTOP MINGW64 /e/2023_project/Search (master)
$ git add .idea/ out/ src/ Search.iml

Lenovo@AKSHETISHEREDESKTOP MINGW64 /e/2023_project/Search (master)
$ git status
On branch master

No commits yet

Changes to be committed:
  (use "git rm --cached <file>..." to unstage)
        new file:   .idea/.gitignore
        new file:   .idea/misc.xml
        new file:   .idea/modules.xml
        new file:   Search.iml
        new file:   out/production/Search/com/akshet/LinearSearch.class
        new file:   src/com/akshet/LinearSearch.java
        new file:   src/com/akshet/LinearSearchinString.java

Untracked files:
  (use "git add <file>..." to include in what will be committed)
        Linearsearch.pdf


Lenovo@AKSHETISHEREDESKTOP MINGW64 /e/2023_project/Search (master)
$ git log -4 --all --graph

Lenovo@AKSHETISHEREDESKTOP MINGW64 /e/2023_project/Search (master)
$ git commit -m "Created the Directory Search"
[master (root-commit) c789c1c] Created the Directory Search
 7 files changed, 108 insertions(+)
 create mode 100644 .idea/.gitignore
 create mode 100644 .idea/misc.xml
 create mode 100644 .idea/modules.xml
 create mode 100644 Search.iml
 create mode 100644 out/production/Search/com/akshet/LinearSearch.class
 create mode 100644 src/com/akshet/LinearSearch.java
 create mode 100644 src/com/akshet/LinearSearchinString.java

Lenovo@AKSHETISHEREDESKTOP MINGW64 /e/2023_project/Search (master)
$ git log -4 --all --graph
* commit c789c1c4382c66778a884339180ef3de18c42555 (HEAD -> master)
  Author: AKSHET PATIAL <akshet.patial@gmail.com>
  Date:   Sat Mar 4 21:02:40 2023 +0530

      Created the Directory Search

Lenovo@AKSHETISHEREDESKTOP MINGW64 /e/2023_project/Search (master)
$ git status
On branch master
Untracked files:
  (use "git add <file>..." to include in what will be committed)
        Linearsearch.pdf

nothing added to commit but untracked files present (use "git add" to track)

Lenovo@AKSHETISHEREDESKTOP MINGW64 /e/2023_project/Search (master)
$ git add Linearsearch.pdf

Lenovo@AKSHETISHEREDESKTOP MINGW64 /e/2023_project/Search (master)
$ git status
On branch master
Changes to be committed:
  (use "git restore --staged <file>..." to unstage)
        new file:   Linearsearch.pdf
Lenovo@AKSHETISHEREDESKTOP MINGW64 /e/2023_project/Search (master)
$ git commit -m "added the LinearSearch.pdf file"
[master dd30796] added the LinearSearch.pdf file
 1 file changed, 0 insertions(+), 0 deletions(-)
 create mode 100644 Linearsearch.pdf

Lenovo@AKSHETISHEREDESKTOP MINGW64 /e/2023_project/Search (master)
$ git status
On branch master
nothing to commit, working tree clean

Lenovo@AKSHETISHEREDESKTOP MINGW64 /e/2023_project/Search (master)
$ git push origin master
fatal: 'origin' does not appear to be a git repository
fatal: Could not read from remote repository.

Please make sure you have the correct access rights
and the repository exists.

Lenovo@AKSHETISHEREDESKTOP MINGW64 /e/2023_project/Search (master)
$ git remote -v

Lenovo@AKSHETISHEREDESKTOP MINGW64 /e/2023_project/Search (master)
$ git remote add https://github.com/akshetpatial/Search.git
usage: git remote add [<options>] <name> <url>

    -f, --fetch           fetch the remote branches
    --tags                import all tags and associated objects when fetching
                          or do not fetch any tag at all (--no-tags)
    -t, --track <branch>  branch(es) to track
    -m, --master <branch>
                          master branch
    --mirror[=(push|fetch)]
                          set up remote as a mirror to push to or fetch from


Lenovo@AKSHETISHEREDESKTOP MINGW64 /e/2023_project/Search (master)
$ git remote -v

Lenovo@AKSHETISHEREDESKTOP MINGW64 /e/2023_project/Search (master)
$ git remote add origin https://github.com/akshetpatial/Search.git

Lenovo@AKSHETISHEREDESKTOP MINGW64 /e/2023_project/Search (master)
$ git remote -v
origin  https://github.com/akshetpatial/Search.git (fetch)
origin  https://github.com/akshetpatial/Search.git (push)

Lenovo@AKSHETISHEREDESKTOP MINGW64 /e/2023_project/Search (master)
$ git push origin master
Enumerating objects: 21, done.
Counting objects: 100% (21/21), done.
Delta compression using up to 2 threads
Compressing objects: 100% (13/13), done.
Writing objects: 100% (21/21), 150.96 KiB | 8.88 MiB/s, done.
Total 21 (delta 1), reused 0 (delta 0), pack-reused 0
remote: Resolving deltas: 100% (1/1), done.
remote:
remote: Create a pull request for 'master' on GitHub by visiting:
remote:      https://github.com/akshetpatial/Search/pull/new/master
remote:
To https://github.com/akshetpatial/Search.git
 * [new branch]      master -> master

Lenovo@AKSHETISHEREDESKTOP MINGW64 /e/2023_project/Search (master)
$ git log -4 --all --graph
* commit dd30796c092fcbde76a2cac44737e80ec5b550f1 (HEAD -> master, origin/master)
| Author: AKSHET PATIAL <akshet.patial@gmail.com>
| Date:   Sat Mar 4 21:03:21 2023 +0530
|
|     added the LinearSearch.pdf file
|
* commit c789c1c4382c66778a884339180ef3de18c42555
  Author: AKSHET PATIAL <akshet.patial@gmail.com>
  Date:   Sat Mar 4 21:02:40 2023 +0530

      Created the Directory Search
Lenovo@AKSHETISHEREDESKTOP MINGW64 /e/2023_project/Search (master)
$ git push origin master
Enumerating objects: 4, done.
Counting objects: 100% (4/4), done.
Delta compression using up to 2 threads
Compressing objects: 100% (3/3), done.
Writing objects: 100% (3/3), 1.68 KiB | 1.68 MiB/s, done.
Total 3 (delta 1), reused 0 (delta 0), pack-reused 0
remote: Resolving deltas: 100% (1/1), completed with 1 local object.
To https://github.com/akshetpatial/Search.git
   dd30796..b7c10b9  master -> master

Lenovo@AKSHETISHEREDESKTOP MINGW64 /e/2023_project/Search (master)
$ git status
On branch master
nothing to commit, working tree clean

Lenovo@AKSHETISHEREDESKTOP MINGW64 /e/2023_project/Search (master)
$ git log -4 --all --graph
* commit b7c10b9f80c42d5bb00c2ed1a0ac39f21bed62d4 (HEAD -> master, origin/master)
| Author: AKSHET PATIAL <akshet.patial@gmail.com>
| Date:   Sat Mar 4 21:06:39 2023 +0530
|
|     Created the commands.txt file and added some initial Commands
|
* commit dd30796c092fcbde76a2cac44737e80ec5b550f1
| Author: AKSHET PATIAL <akshet.patial@gmail.com>
| Date:   Sat Mar 4 21:03:21 2023 +0530
|
|     added the LinearSearch.pdf file
|
* commit c789c1c4382c66778a884339180ef3de18c42555
  Author: AKSHET PATIAL <akshet.patial@gmail.com>
  Date:   Sat Mar 4 21:02:40 2023 +0530

      Created the Directory Search

Lenovo@AKSHETISHEREDESKTOP MINGW64 /e/2023_project/Search (master)
$ git log -4 --all --graph
* commit b7c10b9f80c42d5bb00c2ed1a0ac39f21bed62d4 (HEAD -> master, origin/master)
| Author: AKSHET PATIAL <akshet.patial@gmail.com>
| Date:   Sat Mar 4 21:06:39 2023 +0530
|
|     Created the commands.txt file and added some initial Commands
|
* commit dd30796c092fcbde76a2cac44737e80ec5b550f1
| Author: AKSHET PATIAL <akshet.patial@gmail.com>
| Date:   Sat Mar 4 21:03:21 2023 +0530
|
|     added the LinearSearch.pdf file
|
* commit c789c1c4382c66778a884339180ef3de18c42555
  Author: AKSHET PATIAL <akshet.patial@gmail.com>
  Date:   Sat Mar 4 21:02:40 2023 +0530

      Created the Directory Search

Lenovo@AKSHETISHEREDESKTOP MINGW64 /e/2023_project/Search (master)
$ git push origin master
To https://github.com/akshetpatial/Search.git
 ! [rejected]        master -> master (fetch first)
error: failed to push some refs to 'https://github.com/akshetpatial/Search.git'
hint: Updates were rejected because the remote contains work that you do
hint: not have locally. This is usually caused by another repository pushing
hint: to the same ref. You may want to first integrate the remote changes
hint: (e.g., 'git pull ...') before pushing again.
hint: See the 'Note about fast-forwards' in 'git push --help' for details.

Lenovo@AKSHETISHEREDESKTOP MINGW64 /e/2023_project/Search (master)
$ git fetch
remote: Enumerating objects: 4, done.
remote: Counting objects: 100% (4/4), done.
remote: Compressing objects: 100% (2/2), done.
remote: Total 3 (delta 1), reused 0 (delta 0), pack-reused 0
Unpacking objects: 100% (3/3), 691 bytes | 5.00 KiB/s, done.
From https://github.com/akshetpatial/Search
   b7c10b9..ace8fd3  master     -> origin/master

Lenovo@AKSHETISHEREDESKTOP MINGW64 /e/2023_project/Search (master)
$ git status
On branch master
nothing to commit, working tree clean

Lenovo@AKSHETISHEREDESKTOP MINGW64 /e/2023_project/Search (master)
$ git merge origin/master
Updating b7c10b9..ace8fd3
Fast-forward
 README.md | 3 +++
 1 file changed, 3 insertions(+)
 create mode 100644 README.md

Lenovo@AKSHETISHEREDESKTOP MINGW64 /e/2023_project/Search (master)
$ git push origin master
Everything up-to-date

Lenovo@AKSHETISHEREDESKTOP MINGW64 /e/2023_project/Search (master)
$ git status
On branch master
nothing to commit, working tree clean


Lenovo@AKSHETISHEREDESKTOP MINGW64 /e/2023_project/Search (master)
$ git status
On branch master
Changes not staged for commit:
  (use "git add <file>..." to update what will be committed)
  (use "git restore <file>..." to discard changes in working directory)
        modified:   out/production/Search/com/akshet/LinearSearch.class
        modified:   src/com/akshet/LinearSearchinString.java

Untracked files:
  (use "git add <file>..." to include in what will be committed)
        BinarySearch.pdf
        out/production/Search/com/akshet/BinarySearch.class
        out/production/Search/com/akshet/Ceiling_Floor.class
        out/production/Search/com/akshet/LinearSearchinString.class
        src/com/akshet/BinarySearch.java
        src/com/akshet/Ceiling_Floor.java

no changes added to commit (use "git add" and/or "git commit -a")

Lenovo@AKSHETISHEREDESKTOP MINGW64 /e/2023_project/Search (master)
$ git add out/production/Search/com/akshet/LinearSearch.class

Lenovo@AKSHETISHEREDESKTOP MINGW64 /e/2023_project/Search (master)
$ git add out/production/Search/com/akshet/LinearSearchString.class src/com/akshet/LinearSearchinString.java
fatal: pathspec 'out/production/Search/com/akshet/LinearSearchString.class' did not match any files

Lenovo@AKSHETISHEREDESKTOP MINGW64 /e/2023_project/Search (master)
$ git add out/production/Search/com/akshet/LinearSearchinString.class src/com/akshet/LinearSearchinString.java

Lenovo@AKSHETISHEREDESKTOP MINGW64 /e/2023_project/Search (master)
$ git status
On branch master
Changes to be committed:
  (use "git restore --staged <file>..." to unstage)
        modified:   out/production/Search/com/akshet/LinearSearch.class
        new file:   out/production/Search/com/akshet/LinearSearchinString.class
        modified:   src/com/akshet/LinearSearchinString.java

Untracked files:
  (use "git add <file>..." to include in what will be committed)
        BinarySearch.pdf
        out/production/Search/com/akshet/BinarySearch.class
        out/production/Search/com/akshet/Ceiling_Floor.class
        src/com/akshet/BinarySearch.java
        src/com/akshet/Ceiling_Floor.java


Lenovo@AKSHETISHEREDESKTOP MINGW64 /e/2023_project/Search (master)
$ git commit -m "created the file LinearSearchinString"
[master 7c9a252] created the file LinearSearchinString
 3 files changed, 43 insertions(+)
 create mode 100644 out/production/Search/com/akshet/LinearSearchinString.class

Lenovo@AKSHETISHEREDESKTOP MINGW64 /e/2023_project/Search (master)
$ git status
On branch master
Untracked files:
  (use "git add <file>..." to include in what will be committed)
        BinarySearch.pdf
        out/production/Search/com/akshet/BinarySearch.class
        out/production/Search/com/akshet/Ceiling_Floor.class
        src/com/akshet/BinarySearch.java
        src/com/akshet/Ceiling_Floor.java

nothing added to commit but untracked files present (use "git add" to track)

Lenovo@AKSHETISHEREDESKTOP MINGW64 /e/2023_project/Search (master)
$ git add out/production/Search/com/akshet/BinarySearch.class src/com/akshet/BinarySearch.java

Lenovo@AKSHETISHEREDESKTOP MINGW64 /e/2023_project/Search (master)
$ git status
On branch master
Changes to be committed:
  (use "git restore --staged <file>..." to unstage)
        new file:   out/production/Search/com/akshet/BinarySearch.class
        new file:   src/com/akshet/BinarySearch.java

Untracked files:
  (use "git add <file>..." to include in what will be committed)
        BinarySearch.pdf
        out/production/Search/com/akshet/Ceiling_Floor.class
        src/com/akshet/Ceiling_Floor.java


Lenovo@AKSHETISHEREDESKTOP MINGW64 /e/2023_project/Search (master)
$ git commit -m "created the file BinarySearch.java"
[master 99b2084] created the file BinarySearch.java
 2 files changed, 80 insertions(+)
 create mode 100644 out/production/Search/com/akshet/BinarySearch.class
 create mode 100644 src/com/akshet/BinarySearch.java

Lenovo@AKSHETISHEREDESKTOP MINGW64 /e/2023_project/Search (master)
$ git status
On branch master
Untracked files:
  (use "git add <file>..." to include in what will be committed)
        BinarySearch.pdf
        out/production/Search/com/akshet/Ceiling_Floor.class
        src/com/akshet/Ceiling_Floor.java

nothing added to commit but untracked files present (use "git add" to track)

Lenovo@AKSHETISHEREDESKTOP MINGW64 /e/2023_project/Search (master)
$ git add out/production/Search/com/akshet/Ceiling_Floor.class src/com/akshet/Ceiling_Floor.java

Lenovo@AKSHETISHEREDESKTOP MINGW64 /e/2023_project/Search (master)
$ git status
On branch master
Changes to be committed:
  (use "git restore --staged <file>..." to unstage)
        new file:   out/production/Search/com/akshet/Ceiling_Floor.class
        new file:   src/com/akshet/Ceiling_Floor.java

Untracked files:
  (use "git add <file>..." to include in what will be committed)
        BinarySearch.pdf


Lenovo@AKSHETISHEREDESKTOP MINGW64 /e/2023_project/Search (master)
$ git commit -m "created the file Ceiling_Floor.java"
[master 92ac8d4] created the file Ceiling_Floor.java
 2 files changed, 87 insertions(+)
 create mode 100644 out/production/Search/com/akshet/Ceiling_Floor.class
 create mode 100644 src/com/akshet/Ceiling_Floor.java

Lenovo@AKSHETISHEREDESKTOP MINGW64 /e/2023_project/Search (master)
$ git status
On branch master
Untracked files:
  (use "git add <file>..." to include in what will be committed)
        BinarySearch.pdf

nothing added to commit but untracked files present (use "git add" to track)

Lenovo@AKSHETISHEREDESKTOP MINGW64 /e/2023_project/Search (master)
$ git add BinarySearch.pdf

Lenovo@AKSHETISHEREDESKTOP MINGW64 /e/2023_project/Search (master)
$ git status
On branch master
Changes to be committed:
  (use "git restore --staged <file>..." to unstage)
        new file:   BinarySearch.pdf


Lenovo@AKSHETISHEREDESKTOP MINGW64 /e/2023_project/Search (master)
$ git commit -m "added the file BinarySearch.pdf"
[master 9d47f7e] added the file BinarySearch.pdf
 1 file changed, 0 insertions(+), 0 deletions(-)
 create mode 100644 BinarySearch.pdf

Lenovo@AKSHETISHEREDESKTOP MINGW64 /e/2023_project/Search (master)
$ git status
On branch master
nothing to commit, working tree clean

Lenovo@AKSHETISHEREDESKTOP MINGW64 /e/2023_project/Search (master)
$ git log -4 --all --graph
* commit 9d47f7e49776e13b6baca68a145feebb4fdf2a0d (HEAD -> master)
| Author: AKSHET PATIAL <akshet.patial@gmail.com>
| Date:   Sun Mar 5 22:15:09 2023 +0530
|
|     added the file BinarySearch.pdf
|
* commit 92ac8d4cbe8d14e5b52b16435c16cadcc29946e0
| Author: AKSHET PATIAL <akshet.patial@gmail.com>
| Date:   Sun Mar 5 22:14:28 2023 +0530
|
|     created the file Ceiling_Floor.java
|
* commit 99b2084a44d9859196bdd9b2a9d2bbf9516962c5
| Author: AKSHET PATIAL <akshet.patial@gmail.com>
| Date:   Sun Mar 5 22:13:47 2023 +0530
|
|     created the file BinarySearch.java
|
* commit 7c9a25291ffc471082f86539a22f03a9729e8c46
| Author: AKSHET PATIAL <akshet.patial@gmail.com>
| Date:   Sun Mar 5 22:12:00 2023 +0530
|
|     created the file LinearSearchinString

Lenovo@AKSHETISHEREDESKTOP MINGW64 /e/2023_project/Search (master)
$ git log -7 --all --graph
* commit 9d47f7e49776e13b6baca68a145feebb4fdf2a0d (HEAD -> master)
| Author: AKSHET PATIAL <akshet.patial@gmail.com>
| Date:   Sun Mar 5 22:15:09 2023 +0530
|
|     added the file BinarySearch.pdf
|
* commit 92ac8d4cbe8d14e5b52b16435c16cadcc29946e0
| Author: AKSHET PATIAL <akshet.patial@gmail.com>
| Date:   Sun Mar 5 22:14:28 2023 +0530
|
|     created the file Ceiling_Floor.java
|
* commit 99b2084a44d9859196bdd9b2a9d2bbf9516962c5
| Author: AKSHET PATIAL <akshet.patial@gmail.com>
| Date:   Sun Mar 5 22:13:47 2023 +0530
|
|     created the file BinarySearch.java
|
* commit 7c9a25291ffc471082f86539a22f03a9729e8c46
| Author: AKSHET PATIAL <akshet.patial@gmail.com>
| Date:   Sun Mar 5 22:12:00 2023 +0530
|
|     created the file LinearSearchinString
|
* commit e6445780d834082a758abd2336b88f1eaacd94ea (origin/master)
| Author: AKSHET PATIAL <akshet.patial@gmail.com>
| Date:   Sat Mar 4 21:23:36 2023 +0530
|
|     added some more commands related to fetch and merge in commands.txt file
|
* commit ace8fd3c0daabbcd43ebee08df9476940f473920
| Author: AKSHET PATIAL <44276149+akshetpatial@users.noreply.github.com>
| Date:   Sat Mar 4 21:09:32 2023 +0530
|
|     Created the ReadMe.md file
|
* commit b7c10b9f80c42d5bb00c2ed1a0ac39f21bed62d4
| Author: AKSHET PATIAL <akshet.patial@gmail.com>
| Date:   Sat Mar 4 21:06:39 2023 +0530
|
|     Created the commands.txt file and added some initial Commands

Lenovo@AKSHETISHEREDESKTOP MINGW64 /e/2023_project/Search (master)
$ git push origin master
Enumerating objects: 51, done.
Counting objects: 100% (51/51), done.
Delta compression using up to 2 threads
Compressing objects: 100% (22/22), done.
Writing objects: 100% (40/40), 280.95 KiB | 5.30 MiB/s, done.
Total 40 (delta 10), reused 0 (delta 0), pack-reused 0
remote: Resolving deltas: 100% (10/10), completed with 2 local objects.
To https://github.com/akshetpatial/Search.git
   e644578..9d47f7e  master -> master
Lenovo@AKSHETISHEREDESKTOP MINGW64 /e/2023_project/Search (master)
$ git status
On branch master
Untracked files:
  (use "git add <file>..." to include in what will be committed)
        out/production/Search/com/akshet/FirstandLastindex.class
        out/production/Search/com/akshet/InfiniteArray.class
        out/production/Search/com/akshet/MountainArray$1.class
        out/production/Search/com/akshet/MountainArray$2.class
        out/production/Search/com/akshet/MountainArray$MountainArrayInterface.class
        out/production/Search/com/akshet/MountainArray.class
        out/production/Search/com/akshet/PeakIndexofMountain.class
        src/com/akshet/FirstandLastindex.java
        src/com/akshet/InfiniteArray.java
        src/com/akshet/MountainArray.java
        src/com/akshet/PeakIndexofMountain.java

nothing added to commit but untracked files present (use "git add" to track)

Lenovo@AKSHETISHEREDESKTOP MINGW64 /e/2023_project/Search (master)
$ git add out/production/Search/com/akshet/FirstandLastindex.class src/com/akshet/FirstandLastindex.java

Lenovo@AKSHETISHEREDESKTOP MINGW64 /e/2023_project/Search (master)
$ git status
On branch master
Changes to be committed:
  (use "git restore --staged <file>..." to unstage)
        new file:   out/production/Search/com/akshet/FirstandLastindex.class
        new file:   src/com/akshet/FirstandLastindex.java

Untracked files:
  (use "git add <file>..." to include in what will be committed)
        out/production/Search/com/akshet/InfiniteArray.class
        out/production/Search/com/akshet/MountainArray$1.class
        out/production/Search/com/akshet/MountainArray$2.class
        out/production/Search/com/akshet/MountainArray$MountainArrayInterface.class
        out/production/Search/com/akshet/MountainArray.class
        out/production/Search/com/akshet/PeakIndexofMountain.class
        src/com/akshet/InfiniteArray.java
        src/com/akshet/MountainArray.java
        src/com/akshet/PeakIndexofMountain.java


Lenovo@AKSHETISHEREDESKTOP MINGW64 /e/2023_project/Search (master)
$ git log -4 --all --graph
* commit 8ad49116a15f6f28388cbe9c99063334e12e34f5 (HEAD -> master, origin/master)
| Author: AKSHET PATIAL <akshet.patial@gmail.com>
| Date:   Sun Mar 5 22:21:32 2023 +0530
|
|     Added commads related to BinarySearch,LinearSearch,LinearSearchinString
|
* commit 9d47f7e49776e13b6baca68a145feebb4fdf2a0d
| Author: AKSHET PATIAL <akshet.patial@gmail.com>
| Date:   Sun Mar 5 22:15:09 2023 +0530
|
|     added the file BinarySearch.pdf
|
* commit 92ac8d4cbe8d14e5b52b16435c16cadcc29946e0
| Author: AKSHET PATIAL <akshet.patial@gmail.com>
| Date:   Sun Mar 5 22:14:28 2023 +0530
|
|     created the file Ceiling_Floor.java
|
* commit 99b2084a44d9859196bdd9b2a9d2bbf9516962c5
| Author: AKSHET PATIAL <akshet.patial@gmail.com>
| Date:   Sun Mar 5 22:13:47 2023 +0530
|
|     created the file BinarySearch.java

Lenovo@AKSHETISHEREDESKTOP MINGW64 /e/2023_project/Search (master)
$ git commit -m "Created FirstandLastIndex.java"
[master b82901e] Created FirstandLastIndex.java
 2 files changed, 95 insertions(+)
 create mode 100644 out/production/Search/com/akshet/FirstandLastindex.class
 create mode 100644 src/com/akshet/FirstandLastindex.java

Lenovo@AKSHETISHEREDESKTOP MINGW64 /e/2023_project/Search (master)
$ git add out/production/Search/com/akshet/InfiniteArray.class src/com/akshet/InfiniteArray.java

Lenovo@AKSHETISHEREDESKTOP MINGW64 /e/2023_project/Search (master)
$ git commit -m "Created InfiniteArray.java"                                                  [master 3c82905] Created InfiniteArray.java
 2 files changed, 91 insertions(+)
 create mode 100644 out/production/Search/com/akshet/InfiniteArray.class
 create mode 100644 src/com/akshet/InfiniteArray.java

Lenovo@AKSHETISHEREDESKTOP MINGW64 /e/2023_project/Search (master)
$ git log -4 --all --graph                                                                    * commit 3c8290551a3aeef911a9755b888622e72266301d (HEAD -> master)
| Author: AKSHET PATIAL <akshet.patial@gmail.com>
| Date:   Sat Mar 11 21:52:30 2023 +0530
|
|     Created InfiniteArray.java
|
* commit b82901ebac4d120ab91923037ccebfc8ff9d14b4
| Author: AKSHET PATIAL <akshet.patial@gmail.com>
| Date:   Sat Mar 11 21:51:08 2023 +0530
|
|     Created FirstandLastIndex.java
|
* commit 8ad49116a15f6f28388cbe9c99063334e12e34f5 (origin/master)
| Author: AKSHET PATIAL <akshet.patial@gmail.com>
| Date:   Sun Mar 5 22:21:32 2023 +0530
|
|     Added commads related to BinarySearch,LinearSearch,LinearSearchinString
|
* commit 9d47f7e49776e13b6baca68a145feebb4fdf2a0d
| Author: AKSHET PATIAL <akshet.patial@gmail.com>
| Date:   Sun Mar 5 22:15:09 2023 +0530
|
|     added the file BinarySearch.pdf

Lenovo@AKSHETISHEREDESKTOP MINGW64 /e/2023_project/Search (master)
$ git status
On branch master
Untracked files:
  (use "git add <file>..." to include in what will be committed)
        out/production/Search/com/akshet/MountainArray$1.class
        out/production/Search/com/akshet/MountainArray$2.class
        out/production/Search/com/akshet/MountainArray$MountainArrayInterface.class
        out/production/Search/com/akshet/MountainArray.class
        out/production/Search/com/akshet/PeakIndexofMountain.class
        src/com/akshet/MountainArray.java
        src/com/akshet/PeakIndexofMountain.java

nothing added to commit but untracked files present (use "git add" to track)

Lenovo@AKSHETISHEREDESKTOP MINGW64 /e/2023_project/Search (master)
$ git add out/production/Search/com/akshet/PeakIndexofMountain.class src/com/akshet/PeakIndexofMountain.java

Lenovo@AKSHETISHEREDESKTOP MINGW64 /e/2023_project/Search (master)
$ git commit -m "Created PeakIndexMountain.java"
[master 25f17cb] Created PeakIndexMountain.java
 2 files changed, 103 insertions(+)
 create mode 100644 out/production/Search/com/akshet/PeakIndexofMountain.class
 create mode 100644 src/com/akshet/PeakIndexofMountain.java

Lenovo@AKSHETISHEREDESKTOP MINGW64 /e/2023_project/Search (master)
$ git status
On branch master
Untracked files:
  (use "git add <file>..." to include in what will be committed)
        out/production/Search/com/akshet/MountainArray$1.class
        out/production/Search/com/akshet/MountainArray$2.class
        out/production/Search/com/akshet/MountainArray$MountainArrayInterface.class
        out/production/Search/com/akshet/MountainArray.class
        src/com/akshet/MountainArray.java

nothing added to commit but untracked files present (use "git add" to track)

Lenovo@AKSHETISHEREDESKTOP MINGW64 /e/2023_project/Search (master)
$ git add out/production/Search/com/akshet/MountainArray\$2.class src/com/akshet/MountainArray.java out/production/Search/com/akshet/MountainArray\$1.class

Lenovo@AKSHETISHEREDESKTOP MINGW64 /e/2023_project/Search (master)
$ git status
On branch master
Changes to be committed:
  (use "git restore --staged <file>..." to unstage)
        new file:   out/production/Search/com/akshet/MountainArray$1.class
        new file:   out/production/Search/com/akshet/MountainArray$2.class
        new file:   src/com/akshet/MountainArray.java

Untracked files:
  (use "git add <file>..." to include in what will be committed)
        out/production/Search/com/akshet/MountainArray$MountainArrayInterface.class
        out/production/Search/com/akshet/MountainArray.class


Lenovo@AKSHETISHEREDESKTOP MINGW64 /e/2023_project/Search (master)
$ git add .

Lenovo@AKSHETISHEREDESKTOP MINGW64 /e/2023_project/Search (master)
$ git status
On branch master
Changes to be committed:
  (use "git restore --staged <file>..." to unstage)
        new file:   out/production/Search/com/akshet/MountainArray$1.class
        new file:   out/production/Search/com/akshet/MountainArray$2.class
        new file:   out/production/Search/com/akshet/MountainArray$MountainArrayInterface.class
        new file:   out/production/Search/com/akshet/MountainArray.class
        new file:   src/com/akshet/MountainArray.java


Lenovo@AKSHETISHEREDESKTOP MINGW64 /e/2023_project/Search (master)
$ git commit -m "Created MountainArray.java"                                                  [master 49cb8a4] Created MountainArray.java
 5 files changed, 225 insertions(+)
 create mode 100644 out/production/Search/com/akshet/MountainArray$1.class
 create mode 100644 out/production/Search/com/akshet/MountainArray$2.class
 create mode 100644 out/production/Search/com/akshet/MountainArray$MountainArrayInterface.class
 create mode 100644 out/production/Search/com/akshet/MountainArray.class
 create mode 100644 src/com/akshet/MountainArray.java

Lenovo@AKSHETISHEREDESKTOP MINGW64 /e/2023_project/Search (master)
$ git status
On branch master
nothing to commit, working tree clean

Lenovo@AKSHETISHEREDESKTOP MINGW64 /e/2023_project/Search (master)
$ git log -4 --all --graph
* commit 49cb8a432fab455249956af32306b8cf3b02e03e (HEAD -> master)
| Author: AKSHET PATIAL <akshet.patial@gmail.com>
| Date:   Sat Mar 11 21:56:47 2023 +0530
|
|     Created MountainArray.java
|
* commit 25f17cbabbd8ebb08e8157c2b3c0468ce245ea6e
| Author: AKSHET PATIAL <akshet.patial@gmail.com>
| Date:   Sat Mar 11 21:53:14 2023 +0530
|
|     Created PeakIndexMountain.java
|
* commit 3c8290551a3aeef911a9755b888622e72266301d
| Author: AKSHET PATIAL <akshet.patial@gmail.com>
| Date:   Sat Mar 11 21:52:30 2023 +0530
|
|     Created InfiniteArray.java
|
* commit b82901ebac4d120ab91923037ccebfc8ff9d14b4
| Author: AKSHET PATIAL <akshet.patial@gmail.com>
| Date:   Sat Mar 11 21:51:08 2023 +0530
|
|     Created FirstandLastIndex.java

Lenovo@AKSHETISHEREDESKTOP MINGW64 /e/2023_project/Search (master)
$ git push origin master
Enumerating objects: 60, done.
Counting objects: 100% (60/60), done.
Delta compression using up to 2 threads
Compressing objects: 100% (27/27), done.
Writing objects: 100% (51/51), 14.43 KiB | 642.00 KiB/s, done.
Total 51 (delta 11), reused 0 (delta 0), pack-reused 0
remote: Resolving deltas: 100% (11/11), completed with 1 local object.
To https://github.com/akshetpatial/Search.git
   8ad4911..49cb8a4  master -> master

Lenovo@AKSHETISHEREDESKTOP MINGW64 /e/2023_project/Search (master)
$ git log -4 --all --graph
* commit 49cb8a432fab455249956af32306b8cf3b02e03e (HEAD -> master, origin/master)
| Author: AKSHET PATIAL <akshet.patial@gmail.com>
| Date:   Sat Mar 11 21:56:47 2023 +0530
|
|     Created MountainArray.java
|
* commit 25f17cbabbd8ebb08e8157c2b3c0468ce245ea6e
| Author: AKSHET PATIAL <akshet.patial@gmail.com>
| Date:   Sat Mar 11 21:53:14 2023 +0530
|
|     Created PeakIndexMountain.java
|
* commit 3c8290551a3aeef911a9755b888622e72266301d
| Author: AKSHET PATIAL <akshet.patial@gmail.com>
| Date:   Sat Mar 11 21:52:30 2023 +0530
|
|     Created InfiniteArray.java
|
* commit b82901ebac4d120ab91923037ccebfc8ff9d14b4
| Author: AKSHET PATIAL <akshet.patial@gmail.com>
| Date:   Sat Mar 11 21:51:08 2023 +0530
|
|     Created FirstandLastIndex.java

Lenovo@AKSHETISHEREDESKTOP MINGW64 /e/2023_project/Search (master)
$ git status
On branch master
Changes not staged for commit:
  (use "git add <file>..." to update what will be committed)
  (use "git restore <file>..." to discard changes in working directory)
        modified:   out/production/Search/com/akshet/MountainArray$1.class
        modified:   out/production/Search/com/akshet/MountainArray$2.class
        modified:   out/production/Search/com/akshet/MountainArray.class

Untracked files:
  (use "git add <file>..." to include in what will be committed)
        out/production/Search/com/akshet/RotatedSortedArray.class
        src/com/akshet/RotatedSortedArray.java

no changes added to commit (use "git add" and/or "git commit -a")

Lenovo@AKSHETISHEREDESKTOP MINGW64 /e/2023_project/Search (master)
$ git log -4 --all --graph
* commit 49cb8a432fab455249956af32306b8cf3b02e03e (HEAD -> master, origin/master)
| Author: AKSHET PATIAL <akshet.patial@gmail.com>
| Date:   Sat Mar 11 21:56:47 2023 +0530
|
|     Created MountainArray.java
|
* commit 25f17cbabbd8ebb08e8157c2b3c0468ce245ea6e
| Author: AKSHET PATIAL <akshet.patial@gmail.com>
| Date:   Sat Mar 11 21:53:14 2023 +0530
|
|     Created PeakIndexMountain.java
|
* commit 3c8290551a3aeef911a9755b888622e72266301d
| Author: AKSHET PATIAL <akshet.patial@gmail.com>
| Date:   Sat Mar 11 21:52:30 2023 +0530
|
|     Created InfiniteArray.java
|
* commit b82901ebac4d120ab91923037ccebfc8ff9d14b4
| Author: AKSHET PATIAL <akshet.patial@gmail.com>
| Date:   Sat Mar 11 21:51:08 2023 +0530
|
|     Created FirstandLastIndex.java

Lenovo@AKSHETISHEREDESKTOP MINGW64 /e/2023_project/Search (master)
$ git status
On branch master
Changes not staged for commit:
  (use "git add <file>..." to update what will be committed)
  (use "git restore <file>..." to discard changes in working directory)
        modified:   out/production/Search/com/akshet/MountainArray$1.class
        modified:   out/production/Search/com/akshet/MountainArray$2.class
        modified:   out/production/Search/com/akshet/MountainArray.class

Untracked files:
  (use "git add <file>..." to include in what will be committed)
        out/production/Search/com/akshet/RotatedSortedArray.class
        src/com/akshet/RotatedSortedArray.java

no changes added to commit (use "git add" and/or "git commit -a")

Lenovo@AKSHETISHEREDESKTOP MINGW64 /e/2023_project/Search (master)
$ git add out/production/Search/com/akshet/RotatedSortedArray.class src/com/akshet/RotatedSortedArray.java

Lenovo@AKSHETISHEREDESKTOP MINGW64 /e/2023_project/Search (master)
$ git commit -m "Created RotatedSortedArray.java"
[master dd46d7e] Created RotatedSortedArray.java
 2 files changed, 105 insertions(+)
 create mode 100644 out/production/Search/com/akshet/RotatedSortedArray.class
 create mode 100644 src/com/akshet/RotatedSortedArray.java

Lenovo@AKSHETISHEREDESKTOP MINGW64 /e/2023_project/Search (master)
$ git add .

Lenovo@AKSHETISHEREDESKTOP MINGW64 /e/2023_project/Search (master)
$ git status
On branch master
Changes to be committed:
  (use "git restore --staged <file>..." to unstage)
        modified:   out/production/Search/com/akshet/MountainArray$1.class
        modified:   out/production/Search/com/akshet/MountainArray$2.class
        modified:   out/production/Search/com/akshet/MountainArray.class


Lenovo@AKSHETISHEREDESKTOP MINGW64 /e/2023_project/Search (master)
$ git commit -m "make some changes in MountainArray.java"                                     [master 025887c] make some changes in MountainArray.java
 3 files changed, 0 insertions(+), 0 deletions(-)
 rewrite out/production/Search/com/akshet/MountainArray.class (78%)

Lenovo@AKSHETISHEREDESKTOP MINGW64 /e/2023_project/Search (master)
$ git status
On branch master
nothing to commit, working tree clean

Lenovo@AKSHETISHEREDESKTOP MINGW64 /e/2023_project/Search (master)
$ git push origin master
Enumerating objects: 34, done.
Counting objects: 100% (34/34), done.
Delta compression using up to 2 threads
Compressing objects: 100% (12/12), done.
Writing objects: 100% (22/22), 6.00 KiB | 768.00 KiB/s, done.
Total 22 (delta 7), reused 0 (delta 0), pack-reused 0
remote: Resolving deltas: 100% (7/7), completed with 5 local objects.
To https://github.com/akshetpatial/Search.git
   49cb8a4..025887c  master -> master

Lenovo@AKSHETISHEREDESKTOP MINGW64 /e/2023_project/Search (master)
$ git status
On branch master
Changes not staged for commit:
  (use "git add <file>..." to update what will be committed)
  (use "git restore <file>..." to discard changes in working directory)
        modified:   src/com/akshet/RotatedSortedArray.java

no changes added to commit (use "git add" and/or "git commit -a")

Lenovo@AKSHETISHEREDESKTOP MINGW64 /e/2023_project/Search (master)
$ git status
On branch master
Changes not staged for commit:
  (use "git add <file>..." to update what will be committed)
  (use "git restore <file>..." to discard changes in working directory)
        modified:   out/production/Search/com/akshet/RotatedSortedArray.class
        modified:   src/com/akshet/RotatedSortedArray.java

no changes added to commit (use "git add" and/or "git commit -a")

Lenovo@AKSHETISHEREDESKTOP MINGW64 /e/2023_project/Search (master)
$ git add .

Lenovo@AKSHETISHEREDESKTOP MINGW64 /e/2023_project/Search (master)
$ git status
On branch master
Changes to be committed:
  (use "git restore --staged <file>..." to unstage)
        modified:   out/production/Search/com/akshet/RotatedSortedArray.class
        modified:   src/com/akshet/RotatedSortedArray.java


Lenovo@AKSHETISHEREDESKTOP MINGW64 /e/2023_project/Search (master)
$ git commit -m "modefied RotatedSortedArray.java to search for the target index in a duplicate array"
[master a57c5b7] modefied RotatedSortedArray.java to search for the target index in a duplicate array
 2 files changed, 19 insertions(+), 2 deletions(-)
 rewrite out/production/Search/com/akshet/RotatedSortedArray.class (79%)

Lenovo@AKSHETISHEREDESKTOP MINGW64 /e/2023_project/Search (master)
$ git status
On branch master
nothing to commit, working tree clean

Lenovo@AKSHETISHEREDESKTOP MINGW64 /e/2023_project/Search (master)
$ git log -4 --all --graph
* commit a57c5b7b91de9de9c2114f9fa7782d70fe4bf10d (HEAD -> master)
| Author: AKSHET PATIAL <akshet.patial@gmail.com>
| Date:   Sun Mar 12 20:41:35 2023 +0530
|
|     modefied RotatedSortedArray.java to search for the target index in a duplicate array
|
* commit 659a021c107eb0e13220b34baf5ff0005c5df6cb (origin/master)
| Author: AKSHET PATIAL <akshet.patial@gmail.com>
| Date:   Sun Mar 12 19:33:02 2023 +0530
|
|     added some more comments in RotatedSortedArray.java
|
* commit 89783a8036284fdb2fa7699535db5ee85defb486
| Author: AKSHET PATIAL <akshet.patial@gmail.com>
| Date:   Sun Mar 12 19:29:22 2023 +0530
|
|     added commands related to MountainArray,PeakIndexArray,RotatedSortedArray etc
|
* commit 057ba0ba55f5f957b9f0107ee393cafb21c27930
| Author: AKSHET PATIAL <akshet.patial@gmail.com>
| Date:   Sun Mar 12 19:28:27 2023 +0530
|
|     added some comments in RotatedSortedArray.java

Lenovo@AKSHETISHEREDESKTOP MINGW64 /e/2023_project/Search (master)
$ git push origin master
Enumerating objects: 23, done.
Counting objects: 100% (23/23), done.
Delta compression using up to 2 threads
Compressing objects: 100% (6/6), done.
Writing objects: 100% (12/12), 2.83 KiB | 724.00 KiB/s, done.
To https://github.com/akshetpatial/Search.gitreused 0
   659a021..a57c5b7  master -> master completed with 4 local objects.
Lenovo@AKSHETISHEREDESKTOP MINGW64 /e/2023_project/Search (master)
$ git status
On branch master
nothing to commit, working tree clean

Lenovo@AKSHETISHEREDESKTOP MINGW64 /e/2023_project/Search (master)
$ git log -4 --all --graph
* commit a57c5b7b91de9de9c2114f9fa7782d70fe4bf10d (HEAD -> master, origin/master)
| Author: AKSHET PATIAL <akshet.patial@gmail.com>
| Date:   Sun Mar 12 20:41:35 2023 +0530
|
|     modefied RotatedSortedArray.java to search for the target index in a duplicate array
|
* commit 659a021c107eb0e13220b34baf5ff0005c5df6cb
| Author: AKSHET PATIAL <akshet.patial@gmail.com>
| Date:   Sun Mar 12 19:33:02 2023 +0530
|
|     added some more comments in RotatedSortedArray.java
|
* commit 89783a8036284fdb2fa7699535db5ee85defb486
| Author: AKSHET PATIAL <akshet.patial@gmail.com>
| Date:   Sun Mar 12 19:29:22 2023 +0530
|
|     added commands related to MountainArray,PeakIndexArray,RotatedSortedArray etc
|
* commit 057ba0ba55f5f957b9f0107ee393cafb21c27930
| Author: AKSHET PATIAL <akshet.patial@gmail.com>
| Date:   Sun Mar 12 19:28:27 2023 +0530
|
|     added some comments in RotatedSortedArray.java

Lenovo@AKSHETISHEREDESKTOP MINGW64 /e/2023_project/Search (master)
$ git status
On branch master
Untracked files:
  (use "git add <file>..." to include in what will be committed)
        out/production/Search/com/akshet/SplitArrayLargestSum.class
        src/com/akshet/SplitArrayLargestSum.java

nothing added to commit but untracked files present (use "git add" to track)

Lenovo@AKSHETISHEREDESKTOP MINGW64 /e/2023_project/Search (master)
$ git add .

Lenovo@AKSHETISHEREDESKTOP MINGW64 /e/2023_project/Search (master)
$ git commit -m "Created the SplitArrayLargestSum.java"
[master 77b33f9] Created the SplitArrayLargestSum.java
 2 files changed, 71 insertions(+)
 create mode 100644 out/production/Search/com/akshet/SplitArrayLargestSum.class
 create mode 100644 src/com/akshet/SplitArrayLargestSum.java

Lenovo@AKSHETISHEREDESKTOP MINGW64 /e/2023_project/Search (master)
$ git log -4 --all --graph
* commit 77b33f906cfa68a224d12649115ecfca2da88da2 (HEAD -> master)
| Author: AKSHET PATIAL <akshet.patial@gmail.com>
| Date:   Thu Mar 16 01:23:43 2023 +0530
|
|     Created the SplitArrayLargestSum.java
|
* commit 9e070033d0dad4cf630c43157b11e2f59d016f2a (origin/master)
| Author: AKSHET PATIAL <akshet.patial@gmail.com>
| Date:   Sun Mar 12 23:29:36 2023 +0530
|
|     Added the Rotation Count of Rotated Array method
|
* commit 3a791d36e6f9c3f9979ac0f5faf4a2382a9b1759
| Author: AKSHET PATIAL <akshet.patial@gmail.com>
| Date:   Sun Mar 12 20:43:09 2023 +0530
|
|     added commands related to dulpicate RotatedSortedArray
|
* commit a57c5b7b91de9de9c2114f9fa7782d70fe4bf10d
| Author: AKSHET PATIAL <akshet.patial@gmail.com>
| Date:   Sun Mar 12 20:41:35 2023 +0530
|
|     modefied RotatedSortedArray.java to search for the target index in a duplicate array

Lenovo@AKSHETISHEREDESKTOP MINGW64 /e/2023_project/Search (master)
$ git push origin master
Enumerating objects: 21, done.
Counting objects: 100% (21/21), done.
Delta compression using up to 2 threads
Compressing objects: 100% (6/6), done.
Writing objects: 100% (12/12), 2.76 KiB | 283.00 KiB/s, done.
Total 12 (delta 3), reused 0 (delta 0), pack-reused 0
remote: Resolving deltas: 100% (3/3), completed with 3 local objects.
To https://github.com/akshetpatial/Search.git
   9e07003..77b33f9  master -> master

Lenovo@AKSHETISHEREDESKTOP MINGW64 /e/2023_project/Search (master)
$ git log -4 --all --graph
* commit 77b33f906cfa68a224d12649115ecfca2da88da2 (HEAD -> master, origin/master)
| Author: AKSHET PATIAL <akshet.patial@gmail.com>
| Date:   Thu Mar 16 01:23:43 2023 +0530
|
|     Created the SplitArrayLargestSum.java
|
* commit 9e070033d0dad4cf630c43157b11e2f59d016f2a
| Author: AKSHET PATIAL <akshet.patial@gmail.com>
| Date:   Sun Mar 12 23:29:36 2023 +0530
|
|     Added the Rotation Count of Rotated Array method
|
* commit 3a791d36e6f9c3f9979ac0f5faf4a2382a9b1759
| Author: AKSHET PATIAL <akshet.patial@gmail.com>
| Date:   Sun Mar 12 20:43:09 2023 +0530
|
|     added commands related to dulpicate RotatedSortedArray
|
* commit a57c5b7b91de9de9c2114f9fa7782d70fe4bf10d
| Author: AKSHET PATIAL <akshet.patial@gmail.com>
| Date:   Sun Mar 12 20:41:35 2023 +0530
|
|     modefied RotatedSortedArray.java to search for the target index in a duplicate array




