Lenovo@AKSHETISHEREDESKTOP MINGW64 /e/2023_project/Search
$ git init
Initialized empty Git repository in E:/2023_project/Search/.git/

Lenovo@AKSHETISHEREDESKTOP MINGW64 /e/2023_project/Search (master)
$ git status
On branch master

No commits yet

Untracked files:
  (use "git add <file>..." to include in what will be committed)
        .idea/
        Linearsearch.pdf
        Search.iml
        out/
        src/

nothing added to commit but untracked files present (use "git add" to track)

Lenovo@AKSHETISHEREDESKTOP MINGW64 /e/2023_project/Search (master)
$ git add .idea/ out/ src/ Search.iml

Lenovo@AKSHETISHEREDESKTOP MINGW64 /e/2023_project/Search (master)
$ git status
On branch master

No commits yet

Changes to be committed:
  (use "git rm --cached <file>..." to unstage)
        new file:   .idea/.gitignore
        new file:   .idea/misc.xml
        new file:   .idea/modules.xml
        new file:   Search.iml
        new file:   out/production/Search/com/akshet/LinearSearch.class
        new file:   src/com/akshet/LinearSearch.java
        new file:   src/com/akshet/LinearSearchinString.java

Untracked files:
  (use "git add <file>..." to include in what will be committed)
        Linearsearch.pdf


Lenovo@AKSHETISHEREDESKTOP MINGW64 /e/2023_project/Search (master)
$ git log -4 --all --graph

Lenovo@AKSHETISHEREDESKTOP MINGW64 /e/2023_project/Search (master)
$ git commit -m "Created the Directory Search"
[master (root-commit) c789c1c] Created the Directory Search
 7 files changed, 108 insertions(+)
 create mode 100644 .idea/.gitignore
 create mode 100644 .idea/misc.xml
 create mode 100644 .idea/modules.xml
 create mode 100644 Search.iml
 create mode 100644 out/production/Search/com/akshet/LinearSearch.class
 create mode 100644 src/com/akshet/LinearSearch.java
 create mode 100644 src/com/akshet/LinearSearchinString.java

Lenovo@AKSHETISHEREDESKTOP MINGW64 /e/2023_project/Search (master)
$ git log -4 --all --graph
* commit c789c1c4382c66778a884339180ef3de18c42555 (HEAD -> master)
  Author: AKSHET PATIAL <akshet.patial@gmail.com>
  Date:   Sat Mar 4 21:02:40 2023 +0530

      Created the Directory Search

Lenovo@AKSHETISHEREDESKTOP MINGW64 /e/2023_project/Search (master)
$ git status
On branch master
Untracked files:
  (use "git add <file>..." to include in what will be committed)
        Linearsearch.pdf

nothing added to commit but untracked files present (use "git add" to track)

Lenovo@AKSHETISHEREDESKTOP MINGW64 /e/2023_project/Search (master)
$ git add Linearsearch.pdf

Lenovo@AKSHETISHEREDESKTOP MINGW64 /e/2023_project/Search (master)
$ git status
On branch master
Changes to be committed:
  (use "git restore --staged <file>..." to unstage)
        new file:   Linearsearch.pdf
Lenovo@AKSHETISHEREDESKTOP MINGW64 /e/2023_project/Search (master)
$ git commit -m "added the LinearSearch.pdf file"
[master dd30796] added the LinearSearch.pdf file
 1 file changed, 0 insertions(+), 0 deletions(-)
 create mode 100644 Linearsearch.pdf

Lenovo@AKSHETISHEREDESKTOP MINGW64 /e/2023_project/Search (master)
$ git status
On branch master
nothing to commit, working tree clean

Lenovo@AKSHETISHEREDESKTOP MINGW64 /e/2023_project/Search (master)
$ git push origin master
fatal: 'origin' does not appear to be a git repository
fatal: Could not read from remote repository.

Please make sure you have the correct access rights
and the repository exists.

Lenovo@AKSHETISHEREDESKTOP MINGW64 /e/2023_project/Search (master)
$ git remote -v

Lenovo@AKSHETISHEREDESKTOP MINGW64 /e/2023_project/Search (master)
$ git remote add https://github.com/akshetpatial/Search.git
usage: git remote add [<options>] <name> <url>

    -f, --fetch           fetch the remote branches
    --tags                import all tags and associated objects when fetching
                          or do not fetch any tag at all (--no-tags)
    -t, --track <branch>  branch(es) to track
    -m, --master <branch>
                          master branch
    --mirror[=(push|fetch)]
                          set up remote as a mirror to push to or fetch from


Lenovo@AKSHETISHEREDESKTOP MINGW64 /e/2023_project/Search (master)
$ git remote -v

Lenovo@AKSHETISHEREDESKTOP MINGW64 /e/2023_project/Search (master)
$ git remote add origin https://github.com/akshetpatial/Search.git

Lenovo@AKSHETISHEREDESKTOP MINGW64 /e/2023_project/Search (master)
$ git remote -v
origin  https://github.com/akshetpatial/Search.git (fetch)
origin  https://github.com/akshetpatial/Search.git (push)

Lenovo@AKSHETISHEREDESKTOP MINGW64 /e/2023_project/Search (master)
$ git push origin master
Enumerating objects: 21, done.
Counting objects: 100% (21/21), done.
Delta compression using up to 2 threads
Compressing objects: 100% (13/13), done.
Writing objects: 100% (21/21), 150.96 KiB | 8.88 MiB/s, done.
Total 21 (delta 1), reused 0 (delta 0), pack-reused 0
remote: Resolving deltas: 100% (1/1), done.
remote:
remote: Create a pull request for 'master' on GitHub by visiting:
remote:      https://github.com/akshetpatial/Search/pull/new/master
remote:
To https://github.com/akshetpatial/Search.git
 * [new branch]      master -> master

Lenovo@AKSHETISHEREDESKTOP MINGW64 /e/2023_project/Search (master)
$ git log -4 --all --graph
* commit dd30796c092fcbde76a2cac44737e80ec5b550f1 (HEAD -> master, origin/master)
| Author: AKSHET PATIAL <akshet.patial@gmail.com>
| Date:   Sat Mar 4 21:03:21 2023 +0530
|
|     added the LinearSearch.pdf file
|
* commit c789c1c4382c66778a884339180ef3de18c42555
  Author: AKSHET PATIAL <akshet.patial@gmail.com>
  Date:   Sat Mar 4 21:02:40 2023 +0530

      Created the Directory Search
Lenovo@AKSHETISHEREDESKTOP MINGW64 /e/2023_project/Search (master)
$ git push origin master
Enumerating objects: 4, done.
Counting objects: 100% (4/4), done.
Delta compression using up to 2 threads
Compressing objects: 100% (3/3), done.
Writing objects: 100% (3/3), 1.68 KiB | 1.68 MiB/s, done.
Total 3 (delta 1), reused 0 (delta 0), pack-reused 0
remote: Resolving deltas: 100% (1/1), completed with 1 local object.
To https://github.com/akshetpatial/Search.git
   dd30796..b7c10b9  master -> master

Lenovo@AKSHETISHEREDESKTOP MINGW64 /e/2023_project/Search (master)
$ git status
On branch master
nothing to commit, working tree clean

Lenovo@AKSHETISHEREDESKTOP MINGW64 /e/2023_project/Search (master)
$ git log -4 --all --graph
* commit b7c10b9f80c42d5bb00c2ed1a0ac39f21bed62d4 (HEAD -> master, origin/master)
| Author: AKSHET PATIAL <akshet.patial@gmail.com>
| Date:   Sat Mar 4 21:06:39 2023 +0530
|
|     Created the commands.txt file and added some initial Commands
|
* commit dd30796c092fcbde76a2cac44737e80ec5b550f1
| Author: AKSHET PATIAL <akshet.patial@gmail.com>
| Date:   Sat Mar 4 21:03:21 2023 +0530
|
|     added the LinearSearch.pdf file
|
* commit c789c1c4382c66778a884339180ef3de18c42555
  Author: AKSHET PATIAL <akshet.patial@gmail.com>
  Date:   Sat Mar 4 21:02:40 2023 +0530

      Created the Directory Search

Lenovo@AKSHETISHEREDESKTOP MINGW64 /e/2023_project/Search (master)
$ git log -4 --all --graph
* commit b7c10b9f80c42d5bb00c2ed1a0ac39f21bed62d4 (HEAD -> master, origin/master)
| Author: AKSHET PATIAL <akshet.patial@gmail.com>
| Date:   Sat Mar 4 21:06:39 2023 +0530
|
|     Created the commands.txt file and added some initial Commands
|
* commit dd30796c092fcbde76a2cac44737e80ec5b550f1
| Author: AKSHET PATIAL <akshet.patial@gmail.com>
| Date:   Sat Mar 4 21:03:21 2023 +0530
|
|     added the LinearSearch.pdf file
|
* commit c789c1c4382c66778a884339180ef3de18c42555
  Author: AKSHET PATIAL <akshet.patial@gmail.com>
  Date:   Sat Mar 4 21:02:40 2023 +0530

      Created the Directory Search

Lenovo@AKSHETISHEREDESKTOP MINGW64 /e/2023_project/Search (master)
$ git push origin master
To https://github.com/akshetpatial/Search.git
 ! [rejected]        master -> master (fetch first)
error: failed to push some refs to 'https://github.com/akshetpatial/Search.git'
hint: Updates were rejected because the remote contains work that you do
hint: not have locally. This is usually caused by another repository pushing
hint: to the same ref. You may want to first integrate the remote changes
hint: (e.g., 'git pull ...') before pushing again.
hint: See the 'Note about fast-forwards' in 'git push --help' for details.

Lenovo@AKSHETISHEREDESKTOP MINGW64 /e/2023_project/Search (master)
$ git fetch
remote: Enumerating objects: 4, done.
remote: Counting objects: 100% (4/4), done.
remote: Compressing objects: 100% (2/2), done.
remote: Total 3 (delta 1), reused 0 (delta 0), pack-reused 0
Unpacking objects: 100% (3/3), 691 bytes | 5.00 KiB/s, done.
From https://github.com/akshetpatial/Search
   b7c10b9..ace8fd3  master     -> origin/master

Lenovo@AKSHETISHEREDESKTOP MINGW64 /e/2023_project/Search (master)
$ git status
On branch master
nothing to commit, working tree clean

Lenovo@AKSHETISHEREDESKTOP MINGW64 /e/2023_project/Search (master)
$ git merge origin/master
Updating b7c10b9..ace8fd3
Fast-forward
 README.md | 3 +++
 1 file changed, 3 insertions(+)
 create mode 100644 README.md

Lenovo@AKSHETISHEREDESKTOP MINGW64 /e/2023_project/Search (master)
$ git push origin master
Everything up-to-date

Lenovo@AKSHETISHEREDESKTOP MINGW64 /e/2023_project/Search (master)
$ git status
On branch master
nothing to commit, working tree clean

